// Jest Snapshot v1, https://goo.gl/fbAQLP

exports[`Button component Matches the snapshot 1`] = `
<button
  className="container secondary false"
  disabled={false}
  type="button"
>
   
  <span
    className="button-text"
  >
    Button
  </span>
</button>
`;
