// Jest Snapshot v1, https://goo.gl/fbAQLP

exports[`Divider component Matches the snapshot 1`] = `
<hr
  className="divider-line dark "
/>
`;
